Release 14.7 - xst P.20131013 (lin64)
Copyright (c) 1995-2013 Xilinx, Inc.  All rights reserved.
--> 
Parameter TMPDIR set to xst/projnav.tmp


Total REAL time to Xst completion: 0.00 secs
Total CPU time to Xst completion: 0.16 secs
 
--> 
Parameter xsthdpdir set to xst


Total REAL time to Xst completion: 0.00 secs
Total CPU time to Xst completion: 0.16 secs
 
--> 
Reading design: VGA.prj

TABLE OF CONTENTS
  1) Synthesis Options Summary
  2) HDL Compilation
  3) Design Hierarchy Analysis
  4) HDL Analysis
  5) HDL Synthesis
     5.1) HDL Synthesis Report
  6) Advanced HDL Synthesis
     6.1) Advanced HDL Synthesis Report
  7) Low Level Synthesis
  8) Partition Report
  9) Final Report
	9.1) Device utilization summary
	9.2) Partition Resource Summary
	9.3) TIMING REPORT


=========================================================================
*                      Synthesis Options Summary                        *
=========================================================================
---- Source Parameters
Input File Name                    : "VGA.prj"
Input Format                       : mixed
Ignore Synthesis Constraint File   : NO

---- Target Parameters
Output File Name                   : "VGA"
Output Format                      : NGC
Target Device                      : xc3s1200e-5-ft256

---- Source Options
Top Module Name                    : VGA
Automatic FSM Extraction           : YES
FSM Encoding Algorithm             : Auto
Safe Implementation                : No
FSM Style                          : LUT
RAM Extraction                     : Yes
RAM Style                          : Auto
ROM Extraction                     : Yes
Mux Style                          : Auto
Decoder Extraction                 : YES
Priority Encoder Extraction        : Yes
Shift Register Extraction          : YES
Logical Shifter Extraction         : YES
XOR Collapsing                     : YES
ROM Style                          : Auto
Mux Extraction                     : Yes
Resource Sharing                   : YES
Asynchronous To Synchronous        : NO
Multiplier Style                   : Auto
Automatic Register Balancing       : No

---- Target Options
Add IO Buffers                     : YES
Global Maximum Fanout              : 100000
Add Generic Clock Buffer(BUFG)     : 24
Register Duplication               : YES
Slice Packing                      : YES
Optimize Instantiated Primitives   : NO
Use Clock Enable                   : Yes
Use Synchronous Set                : Yes
Use Synchronous Reset              : Yes
Pack IO Registers into IOBs        : Auto
Equivalent register Removal        : YES

---- General Options
Optimization Goal                  : Speed
Optimization Effort                : 1
Keep Hierarchy                     : No
Netlist Hierarchy                  : As_Optimized
RTL Output                         : Yes
Global Optimization                : AllClockNets
Read Cores                         : YES
Write Timing Constraints           : NO
Cross Clock Analysis               : NO
Hierarchy Separator                : /
Bus Delimiter                      : <>
Case Specifier                     : Maintain
Slice Utilization Ratio            : 100
BRAM Utilization Ratio             : 100
Verilog 2001                       : YES
Auto BRAM Packing                  : NO
Slice Utilization Ratio Delta      : 5

=========================================================================


=========================================================================
*                          HDL Compilation                              *
=========================================================================
Compiling vhdl file "/home/brian/Desktop/583final/Breakout/Sync.vhd" in Library work.
Architecture behavioral of Entity sync is up to date.
Compiling vhdl file "/home/brian/Desktop/583final/Breakout/BreakRaster.vhd" in Library work.
Architecture dataflow of Entity breakraster is up to date.
Compiling vhdl file "/home/brian/Desktop/583final/Breakout/VGA_Breakout.vhd" in Library work.
Architecture structural of Entity vga is up to date.

=========================================================================
*                     Design Hierarchy Analysis                         *
=========================================================================
Analyzing hierarchy for entity <VGA> in library <work> (architecture <structural>).

Analyzing hierarchy for entity <Sync> in library <work> (architecture <behavioral>).

Analyzing hierarchy for entity <BreakRaster> in library <work> (architecture <dataflow>).


=========================================================================
*                            HDL Analysis                               *
=========================================================================
Analyzing Entity <VGA> in library <work> (Architecture <structural>).
Entity <VGA> analyzed. Unit <VGA> generated.

Analyzing Entity <Sync> in library <work> (Architecture <behavioral>).
Entity <Sync> analyzed. Unit <Sync> generated.

Analyzing Entity <BreakRaster> in library <work> (Architecture <dataflow>).
Entity <BreakRaster> analyzed. Unit <BreakRaster> generated.


=========================================================================
*                           HDL Synthesis                               *
=========================================================================

Performing bidirectional port resolution...

Synthesizing Unit <Sync>.
    Related source file is "/home/brian/Desktop/583final/Breakout/Sync.vhd".
    Found 1-bit register for signal <VSync>.
    Found 4-bit register for signal <B>.
    Found 4-bit register for signal <G>.
    Found 4-bit register for signal <R>.
    Found 1-bit register for signal <HSync>.
    Found 12-bit comparator greater for signal <B$cmp_gt0000> created at line 50.
    Found 12-bit comparator greater for signal <B$cmp_gt0001> created at line 50.
    Found 12-bit comparator less for signal <B$cmp_lt0000> created at line 50.
    Found 12-bit comparator less for signal <B$cmp_lt0001> created at line 50.
    Found 12-bit comparator greater for signal <HSync$cmp_gt0000> created at line 40.
    Found 12-bit comparator less for signal <HSync$cmp_lt0000> created at line 40.
    Found 12-bit comparator greater for signal <VSync$cmp_gt0000> created at line 45.
    Found 12-bit comparator less for signal <VSync$cmp_lt0000> created at line 45.
    Found 12-bit subtractor for signal <x$addsub0000> created at line 21.
    Found 12-bit comparator greater for signal <x$cmp_gt0000> created at line 21.
    Found 12-bit up counter for signal <x_pos>.
    Found 12-bit comparator less for signal <x_pos$cmp_lt0000> created at line 29.
    Found 12-bit subtractor for signal <y$addsub0000> created at line 23.
    Found 12-bit comparator greater for signal <y$cmp_gt0000> created at line 23.
    Found 12-bit up counter for signal <y_pos>.
    Found 12-bit comparator less for signal <y_pos$cmp_lt0000> created at line 33.
    Summary:
	inferred   2 Counter(s).
	inferred  14 D-type flip-flop(s).
	inferred   2 Adder/Subtractor(s).
	inferred  12 Comparator(s).
Unit <Sync> synthesized.


Synthesizing Unit <BreakRaster>.
    Related source file is "/home/brian/Desktop/583final/Breakout/BreakRaster.vhd".
WARNING:Xst:647 - Input <draw_mode> is never used. This port will be preserved and left unconnected if it belongs to a top-level block or it belongs to a sub-block and the hierarchy of this sub-block is preserved.
WARNING:Xst:647 - Input <bricks> is never used. This port will be preserved and left unconnected if it belongs to a top-level block or it belongs to a sub-block and the hierarchy of this sub-block is preserved.
WARNING:Xst:646 - Signal <px> is assigned but never used. This unconnected signal will be trimmed during the optimization process.
WARNING:Xst:646 - Signal <by> is assigned but never used. This unconnected signal will be trimmed during the optimization process.
WARNING:Xst:646 - Signal <bx> is assigned but never used. This unconnected signal will be trimmed during the optimization process.
    Found 12-bit comparator greater for signal <G$cmp_gt0000> created at line 35.
    Found 12-bit comparator less for signal <G$cmp_lt0000> created at line 35.
    Found 12-bit comparator less for signal <G$cmp_lt0001> created at line 35.
    Summary:
	inferred   3 Comparator(s).
Unit <BreakRaster> synthesized.


Synthesizing Unit <VGA>.
    Related source file is "/home/brian/Desktop/583final/Breakout/VGA_Breakout.vhd".
WARNING:Xst:646 - Signal <VGA_R<0>> is assigned but never used. This unconnected signal will be trimmed during the optimization process.
WARNING:Xst:646 - Signal <VGA_G<0>> is assigned but never used. This unconnected signal will be trimmed during the optimization process.
WARNING:Xst:646 - Signal <VGA_B<1:0>> is assigned but never used. This unconnected signal will be trimmed during the optimization process.
Unit <VGA> synthesized.


=========================================================================
HDL Synthesis Report

Macro Statistics
# Adders/Subtractors                                   : 2
 12-bit subtractor                                     : 2
# Counters                                             : 2
 12-bit up counter                                     : 2
# Registers                                            : 5
 1-bit register                                        : 2
 4-bit register                                        : 3
# Comparators                                          : 15
 12-bit comparator greater                             : 7
 12-bit comparator less                                : 8

=========================================================================

=========================================================================
*                       Advanced HDL Synthesis                          *
=========================================================================

WARNING:Xst:2677 - Node <B_0> of sequential type is unconnected in block <Sync_Imp>.
WARNING:Xst:2677 - Node <B_1> of sequential type is unconnected in block <Sync_Imp>.
WARNING:Xst:2677 - Node <R_0> of sequential type is unconnected in block <Sync_Imp>.
WARNING:Xst:2677 - Node <G_0> of sequential type is unconnected in block <Sync_Imp>.

=========================================================================
Advanced HDL Synthesis Report

Macro Statistics
# Adders/Subtractors                                   : 2
 12-bit subtractor                                     : 2
# Counters                                             : 2
 12-bit up counter                                     : 2
# Registers                                            : 14
 Flip-Flops                                            : 14
# Comparators                                          : 15
 12-bit comparator greater                             : 7
 12-bit comparator less                                : 8

=========================================================================

=========================================================================
*                         Low Level Synthesis                           *
=========================================================================
INFO:Xst:2261 - The FF/Latch <G_0> in Unit <Sync> is equivalent to the following 3 FFs/Latches, which will be removed : <G_1> <G_2> <G_3> 
INFO:Xst:2261 - The FF/Latch <R_0> in Unit <Sync> is equivalent to the following 3 FFs/Latches, which will be removed : <R_1> <R_2> <R_3> 
INFO:Xst:2261 - The FF/Latch <B_0> in Unit <Sync> is equivalent to the following 3 FFs/Latches, which will be removed : <B_1> <B_2> <B_3> 

Optimizing unit <VGA> ...

Optimizing unit <Sync> ...

Mapping all equations...
Building and optimizing final netlist ...
Found area constraint ratio of 100 (+ 5) on block VGA, actual ratio is 0.

Final Macro Processing ...

=========================================================================
Final Register Report

Macro Statistics
# Registers                                            : 29
 Flip-Flops                                            : 29

=========================================================================

=========================================================================
*                           Partition Report                            *
=========================================================================

Partition Implementation Status
-------------------------------

  No Partitions were found in this design.

-------------------------------

=========================================================================
*                            Final Report                               *
=========================================================================
Final Results
RTL Top Level Output File Name     : VGA.ngr
Top Level Output File Name         : VGA
Output Format                      : NGC
Optimization Goal                  : Speed
Keep Hierarchy                     : No

Design Statistics
# IOs                              : 180

Cell Usage :
# BELS                             : 209
#      GND                         : 1
#      INV                         : 15
#      LUT1                        : 32
#      LUT2                        : 14
#      LUT3                        : 7
#      LUT3_L                      : 1
#      LUT4                        : 24
#      LUT4_D                      : 1
#      LUT4_L                      : 2
#      MUXCY                       : 75
#      MUXF5                       : 1
#      VCC                         : 1
#      XORCY                       : 35
# FlipFlops/Latches                : 29
#      FDR                         : 17
#      FDRE                        : 12
# Clock Buffers                    : 1
#      BUFGP                       : 1
# IO Buffers                       : 10
#      OBUF                        : 10
=========================================================================

Device utilization summary:
---------------------------

Selected Device : 3s1200eft256-5 

 Number of Slices:                       62  out of   8672     0%  
 Number of Slice Flip Flops:             29  out of  17344     0%  
 Number of 4 input LUTs:                 96  out of  17344     0%  
 Number of IOs:                         180
 Number of bonded IOBs:                  11  out of    190     5%  
 Number of GCLKs:                         1  out of     24     4%  

---------------------------
Partition Resource Summary:
---------------------------

  No Partitions were found in this design.

---------------------------


=========================================================================
TIMING REPORT

NOTE: THESE TIMING NUMBERS ARE ONLY A SYNTHESIS ESTIMATE.
      FOR ACCURATE TIMING INFORMATION PLEASE REFER TO THE TRACE REPORT
      GENERATED AFTER PLACE-and-ROUTE.

Clock Information:
------------------
-----------------------------------+------------------------+-------+
Clock Signal                       | Clock buffer(FF name)  | Load  |
-----------------------------------+------------------------+-------+
B8                                 | BUFGP                  | 29    |
-----------------------------------+------------------------+-------+

Asynchronous Control Signals Information:
----------------------------------------
No asynchronous control signals found in this design

Timing Summary:
---------------
Speed Grade: -5

   Minimum period: 7.311ns (Maximum Frequency: 136.788MHz)
   Minimum input arrival time before clock: No path found
   Maximum output required time after clock: 4.134ns
   Maximum combinational path delay: No path found

Timing Detail:
--------------
All values displayed in nanoseconds (ns)

=========================================================================
Timing constraint: Default period analysis for Clock 'B8'
  Clock period: 7.311ns (frequency: 136.788MHz)
  Total number of paths / destination ports: 1134 / 67
-------------------------------------------------------------------------
Delay:               7.311ns (Levels of Logic = 13)
  Source:            Sync_Imp/y_pos_0 (FF)
  Destination:       Sync_Imp/G_0 (FF)
  Source Clock:      B8 rising
  Destination Clock: B8 rising

  Data Path: Sync_Imp/y_pos_0 to Sync_Imp/G_0
                                Gate     Net
    Cell:in->out      fanout   Delay   Delay  Logical Name (Net Name)
    ----------------------------------------  ------------
     FDRE:C->Q             6   0.514   0.721  Sync_Imp/y_pos_0 (Sync_Imp/y_pos_0)
     LUT1:I0->O            1   0.612   0.000  Sync_Imp/Msub_y_addsub0000_cy<0>_rt (Sync_Imp/Msub_y_addsub0000_cy<0>_rt)
     MUXCY:S->O            1   0.404   0.000  Sync_Imp/Msub_y_addsub0000_cy<0> (Sync_Imp/Msub_y_addsub0000_cy<0>)
     MUXCY:CI->O           1   0.051   0.000  Sync_Imp/Msub_y_addsub0000_cy<1> (Sync_Imp/Msub_y_addsub0000_cy<1>)
     MUXCY:CI->O           1   0.051   0.000  Sync_Imp/Msub_y_addsub0000_cy<2> (Sync_Imp/Msub_y_addsub0000_cy<2>)
     MUXCY:CI->O           1   0.051   0.000  Sync_Imp/Msub_y_addsub0000_cy<3> (Sync_Imp/Msub_y_addsub0000_cy<3>)
     MUXCY:CI->O           1   0.051   0.000  Sync_Imp/Msub_y_addsub0000_cy<4> (Sync_Imp/Msub_y_addsub0000_cy<4>)
     MUXCY:CI->O           1   0.051   0.000  Sync_Imp/Msub_y_addsub0000_cy<5> (Sync_Imp/Msub_y_addsub0000_cy<5>)
     XORCY:CI->O           1   0.699   0.426  Sync_Imp/Msub_y_addsub0000_xor<6> (Sync_Imp/y_addsub0000<6>)
     LUT2:I1->O            1   0.612   0.360  BreakRaster_Imp/Mcompar_G_cmp_lt0001_lut<3>_SW0_SW0 (N18)
     LUT4:I3->O            1   0.612   0.000  BreakRaster_Imp/Mcompar_G_cmp_lt0001_lut<3> (BreakRaster_Imp/Mcompar_G_cmp_lt0001_lut<3>)
     MUXCY:S->O            1   0.404   0.000  BreakRaster_Imp/Mcompar_G_cmp_lt0001_cy<3> (BreakRaster_Imp/Mcompar_G_cmp_lt0001_cy<3>)
     MUXCY:CI->O           2   0.400   0.410  BreakRaster_Imp/Mcompar_G_cmp_lt0001_cy<4> (BreakRaster_Imp/Mcompar_G_cmp_lt0001_cy<4>)
     LUT3:I2->O            1   0.612   0.000  BreakRaster_Imp/G_and00001 (r<0>)
     FDR:D                     0.268          Sync_Imp/R_0
    ----------------------------------------
    Total                      7.311ns (5.394ns logic, 1.917ns route)
                                       (73.8% logic, 26.2% route)

=========================================================================
Timing constraint: Default OFFSET OUT AFTER for Clock 'B8'
  Total number of paths / destination ports: 10 / 10
-------------------------------------------------------------------------
Offset:              4.134ns (Levels of Logic = 1)
  Source:            Sync_Imp/G_0 (FF)
  Destination:       N8 (PAD)
  Source Clock:      B8 rising

  Data Path: Sync_Imp/G_0 to N8
                                Gate     Net
    Cell:in->out      fanout   Delay   Delay  Logical Name (Net Name)
    ----------------------------------------  ------------
     FDR:C->Q              3   0.514   0.451  Sync_Imp/G_0 (Sync_Imp/G_0)
     OBUF:I->O                 3.169          N8_OBUF (N8)
    ----------------------------------------
    Total                      4.134ns (3.683ns logic, 0.451ns route)
                                       (89.1% logic, 10.9% route)

=========================================================================


Total REAL time to Xst completion: 6.00 secs
Total CPU time to Xst completion: 5.19 secs
 
--> 


Total memory usage is 520308 kilobytes

Number of errors   :    0 (   0 filtered)
Number of warnings :   12 (   0 filtered)
Number of infos    :    3 (   0 filtered)

