AR dcm behavioral /home/brian/Desktop/583final/Breakout/DCM.vhd sub00/vhpl09 1386211638
EN dcm NULL /home/brian/Desktop/583final/Breakout/DCM.vhd sub00/vhpl08 1386211637
AR kbd behavioral /home/brian/Desktop/583final/Breakout/Kbd.vhd sub00/vhpl11 1386211630
AR sync behavioral /home/brian/Desktop/583final/Breakout/Sync.vhd sub00/vhpl01 1386211625
EN top_module NULL /home/brian/Desktop/583final/Breakout/Top_module.vhd sub00/vhpl06 1386211639
AR top_module structural /home/brian/Desktop/583final/Breakout/Top_module.vhd sub00/vhpl07 1386021047
EN game_logic NULL /home/brian/Desktop/583final/Breakout/Game_logic.vhd sub00/vhpl15 1386211633
EN vga NULL /home/brian/Desktop/583final/Breakout/VGA_Breakout.vhd sub00/vhpl04 1386211635
EN sync NULL /home/brian/Desktop/583final/Breakout/Sync.vhd sub00/vhpl00 1386211624
AR breakraster dataflow /home/brian/Desktop/583final/Breakout/BreakRaster.vhd sub00/vhpl03 1386211627
AR game_logic behavioral /home/brian/Desktop/583final/Breakout/Game_logic.vhd sub00/vhpl16 1386211634
EN controller NULL /home/brian/Desktop/583final/Breakout/Controller.vhd sub00/vhpl13 1386211631
EN kbd NULL /home/brian/Desktop/583final/Breakout/Kbd.vhd sub00/vhpl10 1386211629
AR controller behavioral /home/brian/Desktop/583final/Breakout/Controller.vhd sub00/vhpl14 1386211632
AR top_module top_level /home/brian/Desktop/583final/Breakout/Top_module.vhd sub00/vhpl17 1386211640
AR vga structural /home/brian/Desktop/583final/Breakout/VGA_Breakout.vhd sub00/vhpl05 1386211636
PH breakout_config NULL /home/brian/Desktop/583final/Breakout/Breakout_config.vhd sub00/vhpl12 1386211628
EN breakraster NULL /home/brian/Desktop/583final/Breakout/BreakRaster.vhd sub00/vhpl02 1386211626
