AR dcm behavioral /home/brian/Desktop/583final/Breakout/DCM.vhd sub00/vhpl09 1386618965
EN dcm NULL /home/brian/Desktop/583final/Breakout/DCM.vhd sub00/vhpl08 1386618964
AR kbd behavioral /home/brian/Desktop/583final/Breakout/src/Kbd.vhd sub00/vhpl11 1386618957
AR sync behavioral /home/brian/Desktop/583final/Breakout/src/Sync.vhd sub00/vhpl01 1386618952
EN top_module NULL /home/brian/Desktop/583final/Breakout/src/Top_module.vhd sub00/vhpl06 1386618966
AR top_module structural /home/brian/Desktop/583final/Breakout/Top_module.vhd sub00/vhpl07 1386021047
EN game_logic NULL /home/brian/Desktop/583final/Breakout/src/Game_logic.vhd sub00/vhpl15 1386618960
EN vga NULL /home/brian/Desktop/583final/Breakout/src/VGA_Breakout.vhd sub00/vhpl04 1386618962
EN sync NULL /home/brian/Desktop/583final/Breakout/src/Sync.vhd sub00/vhpl00 1386618951
AR breakraster dataflow /home/brian/Desktop/583final/Breakout/src/BreakRaster.vhd sub00/vhpl03 1386618954
AR game_logic behavioral /home/brian/Desktop/583final/Breakout/src/Game_logic.vhd sub00/vhpl16 1386618961
EN controller NULL /home/brian/Desktop/583final/Breakout/src/Controller.vhd sub00/vhpl13 1386618958
EN kbd NULL /home/brian/Desktop/583final/Breakout/src/Kbd.vhd sub00/vhpl10 1386618956
AR top_module top_level /home/brian/Desktop/583final/Breakout/src/Top_module.vhd sub00/vhpl17 1386618967
AR controller behavioral /home/brian/Desktop/583final/Breakout/src/Controller.vhd sub00/vhpl14 1386618959
AR vga structural /home/brian/Desktop/583final/Breakout/src/VGA_Breakout.vhd sub00/vhpl05 1386618963
PH breakout_config NULL /home/brian/Desktop/583final/Breakout/src/Breakout_config.vhd sub00/vhpl12 1386618955
EN breakraster NULL /home/brian/Desktop/583final/Breakout/src/BreakRaster.vhd sub00/vhpl02 1386618953
