AR dcm behavioral /home/brian/Desktop/583final/Breakout/DCM.vhd sub00/vhpl09 1386816091
EN dcm NULL /home/brian/Desktop/583final/Breakout/DCM.vhd sub00/vhpl08 1386816090
AR kbd behavioral /home/brian/Desktop/583final/Breakout/src/Kbd.vhd sub00/vhpl11 1386821300
AR sync behavioral /home/brian/Desktop/583final/Breakout/src/Sync.vhd sub00/vhpl01 1386821296
AR digit dataflow /home/brian/Desktop/583final/Breakout/src/Digit.vhd sub00/vhpl20 1386821292
EN top_module NULL /home/brian/Desktop/583final/Breakout/src/Top_module.vhd sub00/vhpl06 1386816092
AR top_module structural /home/brian/Desktop/583final/Breakout/Top_module.vhd sub00/vhpl07 1386021047
EN game_logic NULL /home/brian/Desktop/583final/Breakout/src/Game_logic.vhd sub00/vhpl15 1386821303
EN vga NULL /home/brian/Desktop/583final/Breakout/src/VGA_Breakout.vhd sub00/vhpl04 1386816088
EN digit NULL /home/brian/Desktop/583final/Breakout/src/Digit.vhd sub00/vhpl19 1386821291
EN sync NULL /home/brian/Desktop/583final/Breakout/src/Sync.vhd sub00/vhpl00 1386821295
AR breakraster dataflow /home/brian/Desktop/583final/Breakout/src/BreakRaster.vhd sub00/vhpl03 1386821298
PH screen_pkg NULL /home/brian/Desktop/583final/Breakout/src/screen_pkg.vhd sub00/vhpl18 1386818429
AR char dataflow /home/brian/Desktop/583final/Breakout/src/Character.vhd sub00/vhpl22 1386821294
AR game_logic behavioral /home/brian/Desktop/583final/Breakout/src/Game_logic.vhd sub00/vhpl16 1386816087
EN char NULL /home/brian/Desktop/583final/Breakout/src/Character.vhd sub00/vhpl21 1386821293
EN controller NULL /home/brian/Desktop/583final/Breakout/src/Controller.vhd sub00/vhpl13 1386821301
EN kbd NULL /home/brian/Desktop/583final/Breakout/src/Kbd.vhd sub00/vhpl10 1386821299
AR top_module top_level /home/brian/Desktop/583final/Breakout/src/Top_module.vhd sub00/vhpl17 1386816093
AR controller behavioral /home/brian/Desktop/583final/Breakout/src/Controller.vhd sub00/vhpl14 1386821302
AR vga structural /home/brian/Desktop/583final/Breakout/src/VGA_Breakout.vhd sub00/vhpl05 1386816089
PH breakout_config NULL /home/brian/Desktop/583final/Breakout/src/Breakout_config.vhd sub00/vhpl12 1386821290
EN breakraster NULL /home/brian/Desktop/583final/Breakout/src/BreakRaster.vhd sub00/vhpl02 1386821297
