V3 11
FL /home/brian/Desktop/583final/Breakout/BreakRaster.vhd 2013/11/11.14:45:27 P.20131013
EN work/BreakRaster 1384485468 \
      FL /home/brian/Desktop/583final/Breakout/BreakRaster.vhd \
      PB ieee/std_logic_1164 1381692176 PB ieee/NUMERIC_STD 1381692181
AR work/BreakRaster/dataflow 1384485469 \
      FL /home/brian/Desktop/583final/Breakout/BreakRaster.vhd \
      EN work/BreakRaster 1384485468
FL /home/brian/Desktop/583final/Breakout/Sync.vhd 2013/11/14.19:45:49 P.20131013
EN work/Sync 1384485466 FL /home/brian/Desktop/583final/Breakout/Sync.vhd \
      PB ieee/std_logic_1164 1381692176 PB ieee/NUMERIC_STD 1381692181
AR work/Sync/behavioral 1384485467 \
      FL /home/brian/Desktop/583final/Breakout/Sync.vhd EN work/Sync 1384485466
FL /home/brian/Desktop/583final/Breakout/VGA_Breakout.vhd 2013/11/11.13:45:15 P.20131013
EN work/VGA 1384485470 FL /home/brian/Desktop/583final/Breakout/VGA_Breakout.vhd \
      PB ieee/std_logic_1164 1381692176 PB ieee/NUMERIC_STD 1381692181
AR work/VGA/structural 1384485471 \
      FL /home/brian/Desktop/583final/Breakout/VGA_Breakout.vhd EN work/VGA 1384485470 \
      CP Sync CP BreakRaster
