V3 22
FL /home/brian/Desktop/583final/Breakout/BreakRaster.vhd 2013/12/02.15:50:30 P.20131013
EN work/BreakRaster 1386021040 \
      FL /home/brian/Desktop/583final/Breakout/BreakRaster.vhd \
      PB ieee/std_logic_1164 1381692176 PB ieee/NUMERIC_STD 1381692181
AR work/BreakRaster/dataflow 1386021041 \
      FL /home/brian/Desktop/583final/Breakout/BreakRaster.vhd \
      EN work/BreakRaster 1386021040
FL /home/brian/Desktop/583final/Breakout/DCM.vhd 2013/11/18.15:04:28 P.20131013
EN work/DCM 1386021044 FL /home/brian/Desktop/583final/Breakout/DCM.vhd \
      PB ieee/std_logic_1164 1381692176 PB ieee/NUMERIC_STD 1381692181 LB UNISIM \
      PH unisim/VCOMPONENTS 1381692182
AR work/DCM/BEHAVIORAL 1386021045 \
      FL /home/brian/Desktop/583final/Breakout/DCM.vhd EN work/DCM 1386021044 \
      CP BUFG CP DCM_SP
FL /home/brian/Desktop/583final/Breakout/Sync.vhd 2013/11/14.19:45:49 P.20131013
EN work/Sync 1386021038 FL /home/brian/Desktop/583final/Breakout/Sync.vhd \
      PB ieee/std_logic_1164 1381692176 PB ieee/NUMERIC_STD 1381692181
AR work/Sync/behavioral 1386021039 \
      FL /home/brian/Desktop/583final/Breakout/Sync.vhd EN work/Sync 1386021038
FL /home/brian/Desktop/583final/Breakout/Top_module.vhd 2013/12/02.15:12:52 P.20131013
EN work/Top_module 1386021046 \
      FL /home/brian/Desktop/583final/Breakout/Top_module.vhd \
      PB ieee/std_logic_1164 1381692176
AR work/Top_module/structural 1386021047 \
      FL /home/brian/Desktop/583final/Breakout/Top_module.vhd EN work/Top_module 1386021046 \
      CP VGA CP DCM
FL /home/brian/Desktop/583final/Breakout/VGA_Breakout.vhd 2013/12/02.15:14:48 P.20131013
EN work/VGA 1386021042 FL /home/brian/Desktop/583final/Breakout/VGA_Breakout.vhd \
      PB ieee/std_logic_1164 1381692176 PB ieee/NUMERIC_STD 1381692181
AR work/VGA/structural 1386021043 \
      FL /home/brian/Desktop/583final/Breakout/VGA_Breakout.vhd EN work/VGA 1386021042 \
      CP Sync CP BreakRaster
