V3 22
FL /home/brian/Desktop/583final/Breakout/BreakRaster.vhd 2013/11/11.14:45:27 P.20131013
EN work/BreakRaster 1384809701 \
      FL /home/brian/Desktop/583final/Breakout/BreakRaster.vhd \
      PB ieee/std_logic_1164 1381692176 PB ieee/NUMERIC_STD 1381692181
AR work/BreakRaster/dataflow 1384809702 \
      FL /home/brian/Desktop/583final/Breakout/BreakRaster.vhd \
      EN work/BreakRaster 1384809701
FL /home/brian/Desktop/583final/Breakout/DCM.vhd 2013/11/18.15:04:28 P.20131013
EN work/DCM 1384809705 FL /home/brian/Desktop/583final/Breakout/DCM.vhd \
      PB ieee/std_logic_1164 1381692176 PB ieee/NUMERIC_STD 1381692181 LB UNISIM \
      PH unisim/VCOMPONENTS 1381692182
AR work/DCM/BEHAVIORAL 1384809706 \
      FL /home/brian/Desktop/583final/Breakout/DCM.vhd EN work/DCM 1384809705 \
      CP BUFG CP DCM_SP
FL /home/brian/Desktop/583final/Breakout/Sync.vhd 2013/11/14.19:45:49 P.20131013
EN work/Sync 1384809699 FL /home/brian/Desktop/583final/Breakout/Sync.vhd \
      PB ieee/std_logic_1164 1381692176 PB ieee/NUMERIC_STD 1381692181
AR work/Sync/behavioral 1384809700 \
      FL /home/brian/Desktop/583final/Breakout/Sync.vhd EN work/Sync 1384809699
FL /home/brian/Desktop/583final/Breakout/Top_module.vhd 2013/11/18.15:21:32 P.20131013
EN work/Top_module 1384809707 \
      FL /home/brian/Desktop/583final/Breakout/Top_module.vhd \
      PB ieee/std_logic_1164 1381692176
AR work/Top_module/structural 1384809708 \
      FL /home/brian/Desktop/583final/Breakout/Top_module.vhd EN work/Top_module 1384809707 \
      CP VGA CP DCM
FL /home/brian/Desktop/583final/Breakout/VGA_Breakout.vhd 2013/11/18.15:17:09 P.20131013
EN work/VGA 1384809703 FL /home/brian/Desktop/583final/Breakout/VGA_Breakout.vhd \
      PB ieee/std_logic_1164 1381692176 PB ieee/NUMERIC_STD 1381692181
AR work/VGA/structural 1384809704 \
      FL /home/brian/Desktop/583final/Breakout/VGA_Breakout.vhd EN work/VGA 1384809703 \
      CP Sync CP BreakRaster
